[2026-05-21T14:26:10.136Z] GET http://localhost:8765/ → 200 (4ms, 2137B)
[2026-05-21T14:26:10.145Z] GET https://fonts.googleapis.com/css2?family=Cinzel:wght@400;600;700&family=EB+Garamond:ital,wght@0,400;0,500;0,600;1,400;1,500&display=swap → pending (?ms, ?B)
[2026-05-21T14:26:10.145Z] GET http://localhost:8765/static/style.css → 200 (17ms, 13641B)
[2026-05-21T14:26:10.145Z] GET http://localhost:8765/static/app.js → 200 (17ms, 14302B)
[2026-05-21T14:26:10.310Z] GET https://fonts.gstatic.com/s/cinzel/v26/8vIJ7ww63mVu7gt79mT7PkRXMw.woff2 → 200 (181ms, 25888B)
[2026-05-21T14:26:10.310Z] GET http://localhost:8765/api/state → 200 (2ms, 5542B)
[2026-05-21T14:26:10.313Z] GET http://localhost:8765/api/portraits/pc-alex → 200 (45ms, 3540305B)
[2026-05-21T14:26:10.313Z] GET http://localhost:8765/api/portraits/pc-friend → 200 (45ms, 3300119B)
[2026-05-21T14:26:10.314Z] GET http://localhost:8765/events → 422 (44ms, 93B)
[2026-05-21T14:26:10.349Z] GET https://fonts.gstatic.com/s/ebgaramond/v32/SlGUmQSNjdsmc35JDF1K5GR1SDk_YAPI.woff2 → 200 (142ms, 41244B)
[2026-05-21T14:26:10.357Z] GET https://fonts.gstatic.com/s/ebgaramond/v32/SlGWmQSNjdsmc35JDF1K5GRweDs1ZyHKpWg.woff2 → 200 (148ms, 42476B)
[2026-05-21T14:28:41.593Z] GET http://localhost:8765/ → 200 (78ms, 2137B)
[2026-05-21T14:28:41.731Z] GET https://fonts.googleapis.com/css2?family=Cinzel:wght@400;600;700&family=EB+Garamond:ital,wght@0,400;0,500;0,600;1,400;1,500&display=swap → 200 (?ms, 15168B)
[2026-05-21T14:28:41.731Z] GET http://localhost:8765/static/style.css → 200 (7ms, 13641B)
[2026-05-21T14:28:41.731Z] GET http://localhost:8765/static/app.js → 200 (9ms, 14302B)
[2026-05-21T14:28:41.774Z] GET https://fonts.gstatic.com/s/cinzel/v26/8vIJ7ww63mVu7gt79mT7PkRXMw.woff2 → 200 (1ms, ?B)
[2026-05-21T14:28:41.775Z] GET https://fonts.gstatic.com/s/ebgaramond/v32/SlGWmQSNjdsmc35JDF1K5GRweDs1ZyHKpWg.woff2 → 200 (?ms, ?B)
[2026-05-21T14:28:41.775Z] GET https://fonts.gstatic.com/s/ebgaramond/v32/SlGUmQSNjdsmc35JDF1K5GR1SDk_YAPI.woff2 → 200 (1ms, ?B)
[2026-05-21T14:28:41.782Z] GET http://localhost:8765/api/state → 200 (44ms, 5542B)
[2026-05-21T14:28:41.828Z] GET http://localhost:8765/api/portraits/pc-alex → 200 (?ms, 3540305B)
[2026-05-21T14:28:41.829Z] GET http://localhost:8765/api/portraits/pc-friend → 200 (11ms, 3300119B)
[2026-05-21T14:28:41.851Z] GET http://localhost:8765/events → 422 (?ms, 93B)
[2026-05-21T14:31:17.299Z] GET http://localhost:8765/ → 200 (14ms, 2137B)
[2026-05-21T14:31:17.409Z] GET https://fonts.googleapis.com/css2?family=Cinzel:wght@400;600;700&family=EB+Garamond:ital,wght@0,400;0,500;0,600;1,400;1,500&display=swap → 200 (15ms, 15168B)
[2026-05-21T14:31:17.424Z] GET http://localhost:8765/static/style.css → 200 (5ms, 13657B)
[2026-05-21T14:31:17.424Z] GET http://localhost:8765/static/app.js → 304 (5ms, ?B)
[2026-05-21T14:31:17.465Z] GET https://fonts.gstatic.com/s/cinzel/v26/8vIJ7ww63mVu7gt79mT7PkRXMw.woff2 → 200 (?ms, ?B)
[2026-05-21T14:31:17.465Z] GET https://fonts.gstatic.com/s/ebgaramond/v32/SlGWmQSNjdsmc35JDF1K5GRweDs1ZyHKpWg.woff2 → 200 (?ms, ?B)
[2026-05-21T14:31:17.467Z] GET https://fonts.gstatic.com/s/ebgaramond/v32/SlGUmQSNjdsmc35JDF1K5GR1SDk_YAPI.woff2 → 200 (1ms, ?B)
[2026-05-21T14:31:17.472Z] GET http://localhost:8765/api/state → 200 (7ms, 5542B)
[2026-05-21T14:31:17.489Z] GET http://localhost:8765/api/portraits/pc-alex → 200 (?ms, 3540305B)
[2026-05-21T14:31:17.489Z] GET http://localhost:8765/api/portraits/pc-friend → 200 (1ms, 3300119B)
[2026-05-21T14:31:17.495Z] GET http://localhost:8765/events → 422 (16ms, 93B)
[2026-05-21T14:33:16.175Z] GET http://localhost:8765/ → 200 (54ms, 2137B)
[2026-05-21T14:33:16.302Z] GET https://fonts.googleapis.com/css2?family=Cinzel:wght@400;600;700&family=EB+Garamond:ital,wght@0,400;0,500;0,600;1,400;1,500&display=swap → 200 (?ms, 15168B)
[2026-05-21T14:33:16.303Z] GET http://localhost:8765/static/style.css → 200 (1ms, 13707B)
[2026-05-21T14:33:16.303Z] GET http://localhost:8765/static/app.js → 304 (15ms, ?B)
[2026-05-21T14:33:16.361Z] GET https://fonts.gstatic.com/s/cinzel/v26/8vIJ7ww63mVu7gt79mT7PkRXMw.woff2 → 200 (?ms, ?B)
[2026-05-21T14:33:16.362Z] GET https://fonts.gstatic.com/s/ebgaramond/v32/SlGWmQSNjdsmc35JDF1K5GRweDs1ZyHKpWg.woff2 → 200 (?ms, ?B)
[2026-05-21T14:33:16.362Z] GET https://fonts.gstatic.com/s/ebgaramond/v32/SlGUmQSNjdsmc35JDF1K5GR1SDk_YAPI.woff2 → 200 (1ms, ?B)
[2026-05-21T14:33:16.375Z] GET http://localhost:8765/api/state → 200 (8ms, 5542B)
[2026-05-21T14:33:16.386Z] GET http://localhost:8765/api/portraits/pc-alex → 200 (?ms, 3540305B)
[2026-05-21T14:33:16.386Z] GET http://localhost:8765/api/portraits/pc-friend → 200 (?ms, 3300119B)
[2026-05-21T14:33:16.412Z] GET http://localhost:8765/events → 422 (98ms, 93B)
[2026-05-21T14:35:03.100Z] GET http://localhost:8765/ → 200 (4ms, 2137B)
[2026-05-21T14:35:03.107Z] GET https://fonts.googleapis.com/css2?family=Cinzel:wght@400;600;700&family=EB+Garamond:ital,wght@0,400;0,500;0,600;1,400;1,500&display=swap → 200 (?ms, 15168B)
[2026-05-21T14:35:03.108Z] GET http://localhost:8765/static/style.css → 200 (1ms, 13710B)
[2026-05-21T14:35:03.108Z] GET http://localhost:8765/static/app.js → 304 (1ms, ?B)
[2026-05-21T14:35:03.110Z] GET http://localhost:8765/api/state → 200 (2ms, 5542B)
[2026-05-21T14:35:03.111Z] GET https://fonts.gstatic.com/s/cinzel/v26/8vIJ7ww63mVu7gt79mT7PkRXMw.woff2 → 200 (?ms, ?B)
[2026-05-21T14:35:03.112Z] GET https://fonts.gstatic.com/s/ebgaramond/v32/SlGWmQSNjdsmc35JDF1K5GRweDs1ZyHKpWg.woff2 → 200 (?ms, ?B)
[2026-05-21T14:35:03.112Z] GET https://fonts.gstatic.com/s/ebgaramond/v32/SlGUmQSNjdsmc35JDF1K5GR1SDk_YAPI.woff2 → 200 (?ms, ?B)
[2026-05-21T14:35:03.113Z] GET http://localhost:8765/api/portraits/pc-alex → 200 (?ms, 3540305B)
[2026-05-21T14:35:03.113Z] GET http://localhost:8765/api/portraits/pc-friend → 200 (?ms, 3300119B)
[2026-05-21T14:35:03.113Z] GET http://localhost:8765/events → 422 (2ms, 93B)
